../Core/Src/fsm.c:3:6:runFSM1	8	static
../Core/Src/fsm.c:30:20:resetBuffer	4	static
../Core/Src/fsm.c:34:20:increaseBuffer	4	static
../Core/Src/fsm.c:38:20:decreaseBuffer	4	static
../Core/Src/fsm.c:42:6:runFSM2	8	static
../Core/Src/fsm.c:151:20:_resetBuffer	8	static
../Core/Src/fsm.c:156:20:_increaseBuffer	8	static
../Core/Src/fsm.c:161:20:_decreaseBuffer	8	static
../Core/Src/fsm.c:166:20:resetButtonEvent	8	static
../Core/Src/fsm.c:172:20:incButtonEvent	8	static
../Core/Src/fsm.c:178:20:decButtonEvent	8	static
../Core/Src/fsm.c:184:6:increment_1s	8	static
../Core/Src/fsm.c:193:6:decrement_1s	8	static
../Core/Src/fsm.c:202:6:countdown	4	static
../Core/Src/fsm.c:206:6:runFSM3	8	static
